// Jest Snapshot v1, https://goo.gl/fbAQLP

exports[`Should create and Match same Snapshot 1`] = `
<div
  className="mardownViwer"
/>
`;
