// Jest Snapshot v1, https://goo.gl/fbAQLP

exports[`Should create and Match same Snapshot 1`] = `
<div>
  <button
    className="btn waves-effect waves-light btn-large btn-floating main-icon grey lighten-2"
    disabled={false}
    icon="menu"
    onClick={[Function]}
  >
    <i
      className="material-icons"
    >
      menu
    </i>
  </button>
  <div
    className={undefined}
    style={undefined}
  >
    <div
      className={undefined}
      onClick={[Function]}
      style={
        Object {
          "WebkitTapHighlightColor": "rgba(0, 0, 0, 0)",
          "backgroundColor": "rgba(0, 0, 0, 0.54)",
          "height": "100%",
          "left": "-100%",
          "muiPrepared": true,
          "opacity": 0,
          "pointerEvents": "none",
          "position": "fixed",
          "top": 0,
          "transform": "translateZ(0)",
          "transition": "left 0ms cubic-bezier(0.23, 1, 0.32, 1) 400ms, opacity 400ms cubic-bezier(0.23, 1, 0.32, 1) 0ms",
          "width": "100%",
          "willChange": "opacity",
          "zIndex": 1200,
        }
      }
    />
    <div
      className="main-sidenav-content"
      style={
        Object {
          "WebkitOverflowScrolling": "touch",
          "WebkitTapHighlightColor": "rgba(0,0,0,0)",
          "backgroundColor": "#ffffff",
          "borderRadius": "0px",
          "boxShadow": "0 3px 10px rgba(0, 0, 0, 0.16),
                 0 3px 10px rgba(0, 0, 0, 0.23)",
          "boxSizing": "border-box",
          "color": "rgba(0, 0, 0, 0.87)",
          "fontFamily": "Roboto, sans-serif",
          "height": "100%",
          "left": 0,
          "muiPrepared": true,
          "overflow": "auto",
          "position": "fixed",
          "top": 0,
          "transform": "translate(-310px, 0)",
          "transition": "transform 450ms cubic-bezier(0.23, 1, 0.32, 1) 0ms",
          "width": 300,
          "zIndex": 1300,
        }
      }
    >
      <section
        className="content-sidenav"
      >
        <header>
          <button
            className="btn waves-effect waves-light btn-large btn-floating main-icon delete-sidenav grey lighten-2"
            disabled={false}
            icon="close"
            onClick={[Function]}
          >
            <i
              className="material-icons"
            >
              close
            </i>
          </button>
          <h4
            id="user-header"
          >
            V
            G
          </h4>
          <h5>
            Welcome
          </h5>
        </header>
        <ul
          className="collapsible"
          data-collapsible="expandable"
        >
          <li
            onSelect={[Function]}
          >
            <div
              className="collapsible-header"
              onClick={[Function]}
            >
              <i
                className="material-icons"
              >
                chevron_right
                folder
              </i>
              new Folder (1)
            </div>
            <div
              className="icon-menu"
            >
              <div
                className={undefined}
                onClick={[Function]}
                onMouseDown={[Function]}
                onMouseEnter={[Function]}
                onMouseLeave={[Function]}
                onMouseUp={[Function]}
                style={
                  Object {
                    "display": "inline-block",
                    "muiPrepared": true,
                    "position": "relative",
                  }
                }
              >
                <button
                  disabled={false}
                  onBlur={[Function]}
                  onClick={[Function]}
                  onFocus={[Function]}
                  onKeyDown={[Function]}
                  onKeyUp={[Function]}
                  onMouseEnter={[Function]}
                  onMouseLeave={[Function]}
                  onMouseOut={[Function]}
                  onTouchStart={[Function]}
                  style={
                    Object {
                      "WebkitTapHighlightColor": "rgba(0, 0, 0, 0)",
                      "background": "none",
                      "border": 10,
                      "boxSizing": "border-box",
                      "cursor": "pointer",
                      "display": "inline-block",
                      "fontFamily": "Roboto, sans-serif",
                      "fontSize": 0,
                      "fontWeight": "inherit",
                      "height": 48,
                      "margin": 0,
                      "muiPrepared": true,
                      "outline": "none",
                      "overflow": "visible",
                      "padding": 12,
                      "position": "relative",
                      "textDecoration": "none",
                      "transition": "all 450ms cubic-bezier(0.23, 1, 0.32, 1) 0ms",
                      "verticalAlign": null,
                      "width": 48,
                    }
                  }
                  tabIndex={0}
                  type="button"
                >
                  <div
                    onMouseDown={[Function]}
                    onMouseLeave={[Function]}
                    onMouseUp={[Function]}
                    onTouchEnd={[Function]}
                    onTouchStart={[Function]}
                  >
                    <svg
                      onMouseEnter={[Function]}
                      onMouseLeave={[Function]}
                      style={
                        Object {
                          "color": "rgba(0, 0, 0, 0.87)",
                          "display": "inline-block",
                          "fill": "currentColor",
                          "height": 24,
                          "muiPrepared": true,
                          "transition": "all 450ms cubic-bezier(0.23, 1, 0.32, 1) 0ms",
                          "userSelect": "none",
                          "width": 24,
                        }
                      }
                      viewBox="0 0 24 24"
                    >
                      <path
                        d="M12 8c1.1 0 2-.9 2-2s-.9-2-2-2-2 .9-2 2 .9 2 2 2zm0 2c-1.1 0-2 .9-2 2s.9 2 2 2 2-.9 2-2-.9-2-2-2zm0 6c-1.1 0-2 .9-2 2s.9 2 2 2 2-.9 2-2-.9-2-2-2z"
                      />
                    </svg>
                  </div>
                </button>
                <div
                  style={
                    Object {
                      "display": "none",
                    }
                  }
                />
              </div>
            </div>
            <div
              className="collapsible-body grey lighten-2"
            >
              <ul
                className="content-files"
              >
                <li
                  className="li-item-file false"
                  onClick={[Function]}
                >
                  <a
                    className="files grey lighten-3\\""
                    href="/0/2/edit"
                    onClick={[Function]}
                  >
                    <button
                      className="files grey lighten-3"
                      type="submit"
                    >
                      new file (1)
                    </button>
                  </a>
                  <button
                    className="button-delete"
                    disabled={false}
                    onBlur={[Function]}
                    onClick={[Function]}
                    onFocus={[Function]}
                    onKeyDown={[Function]}
                    onKeyUp={[Function]}
                    onMouseEnter={[Function]}
                    onMouseLeave={[Function]}
                    onMouseOut={[Function]}
                    onTouchStart={[Function]}
                    style={
                      Object {
                        "WebkitTapHighlightColor": "rgba(0, 0, 0, 0)",
                        "background": "none",
                        "border": 10,
                        "boxSizing": "border-box",
                        "cursor": "pointer",
                        "display": "inline-block",
                        "fontFamily": "Roboto, sans-serif",
                        "fontSize": 0,
                        "fontWeight": "inherit",
                        "height": 48,
                        "margin": 0,
                        "muiPrepared": true,
                        "outline": "none",
                        "overflow": "visible",
                        "padding": 12,
                        "position": "relative",
                        "textDecoration": "none",
                        "transition": "all 450ms cubic-bezier(0.23, 1, 0.32, 1) 0ms",
                        "verticalAlign": null,
                        "width": 48,
                      }
                    }
                    tabIndex={0}
                    type="button"
                  >
                    <div
                      onMouseDown={[Function]}
                      onMouseLeave={[Function]}
                      onMouseUp={[Function]}
                      onTouchEnd={[Function]}
                      onTouchStart={[Function]}
                    >
                      <svg
                        onMouseEnter={[Function]}
                        onMouseLeave={[Function]}
                        style={
                          Object {
                            "color": "rgba(0, 0, 0, 0.87)",
                            "display": "inline-block",
                            "fill": "currentColor",
                            "height": 24,
                            "muiPrepared": true,
                            "transition": "all 450ms cubic-bezier(0.23, 1, 0.32, 1) 0ms",
                            "userSelect": "none",
                            "width": 24,
                          }
                        }
                        viewBox="0 0 24 24"
                      >
                        <path
                          d="M6 19c0 1.1.9 2 2 2h8c1.1 0 2-.9 2-2V7H6v12zM19 4h-3.5l-1-1h-5l-1 1H5v2h14V4z"
                        />
                      </svg>
                    </div>
                  </button>
                </li>
                <li
                  className="li-item-file false"
                  onClick={[Function]}
                >
                  <a
                    className="files grey lighten-3\\""
                    href="/0/3/edit"
                    onClick={[Function]}
                  >
                    <button
                      className="files grey lighten-3"
                      type="submit"
                    >
                      new file (2)
                    </button>
                  </a>
                  <button
                    className="button-delete"
                    disabled={false}
                    onBlur={[Function]}
                    onClick={[Function]}
                    onFocus={[Function]}
                    onKeyDown={[Function]}
                    onKeyUp={[Function]}
                    onMouseEnter={[Function]}
                    onMouseLeave={[Function]}
                    onMouseOut={[Function]}
                    onTouchStart={[Function]}
                    style={
                      Object {
                        "WebkitTapHighlightColor": "rgba(0, 0, 0, 0)",
                        "background": "none",
                        "border": 10,
                        "boxSizing": "border-box",
                        "cursor": "pointer",
                        "display": "inline-block",
                        "fontFamily": "Roboto, sans-serif",
                        "fontSize": 0,
                        "fontWeight": "inherit",
                        "height": 48,
                        "margin": 0,
                        "muiPrepared": true,
                        "outline": "none",
                        "overflow": "visible",
                        "padding": 12,
                        "position": "relative",
                        "textDecoration": "none",
                        "transition": "all 450ms cubic-bezier(0.23, 1, 0.32, 1) 0ms",
                        "verticalAlign": null,
                        "width": 48,
                      }
                    }
                    tabIndex={0}
                    type="button"
                  >
                    <div
                      onMouseDown={[Function]}
                      onMouseLeave={[Function]}
                      onMouseUp={[Function]}
                      onTouchEnd={[Function]}
                      onTouchStart={[Function]}
                    >
                      <svg
                        onMouseEnter={[Function]}
                        onMouseLeave={[Function]}
                        style={
                          Object {
                            "color": "rgba(0, 0, 0, 0.87)",
                            "display": "inline-block",
                            "fill": "currentColor",
                            "height": 24,
                            "muiPrepared": true,
                            "transition": "all 450ms cubic-bezier(0.23, 1, 0.32, 1) 0ms",
                            "userSelect": "none",
                            "width": 24,
                          }
                        }
                        viewBox="0 0 24 24"
                      >
                        <path
                          d="M6 19c0 1.1.9 2 2 2h8c1.1 0 2-.9 2-2V7H6v12zM19 4h-3.5l-1-1h-5l-1 1H5v2h14V4z"
                        />
                      </svg>
                    </div>
                  </button>
                </li>
                <button
                  className="btn waves-effect waves-light btn-large btn-floating main-icon add-files grey lighten-3"
                  disabled={false}
                  icon="add"
                  onClick={[Function]}
                >
                  <i
                    className="material-icons"
                  >
                    add
                  </i>
                </button>
              </ul>
            </div>
          </li>
        </ul>
        <ul
          className="collapsible"
          data-collapsible="expandable"
        >
          <li
            onSelect={[Function]}
          >
            <div
              className="collapsible-header"
              onClick={[Function]}
            >
              <i
                className="material-icons"
              >
                chevron_right
                folder
              </i>
              new Folder (2)
            </div>
            <div
              className="icon-menu"
            >
              <div
                className={undefined}
                onClick={[Function]}
                onMouseDown={[Function]}
                onMouseEnter={[Function]}
                onMouseLeave={[Function]}
                onMouseUp={[Function]}
                style={
                  Object {
                    "display": "inline-block",
                    "muiPrepared": true,
                    "position": "relative",
                  }
                }
              >
                <button
                  disabled={false}
                  onBlur={[Function]}
                  onClick={[Function]}
                  onFocus={[Function]}
                  onKeyDown={[Function]}
                  onKeyUp={[Function]}
                  onMouseEnter={[Function]}
                  onMouseLeave={[Function]}
                  onMouseOut={[Function]}
                  onTouchStart={[Function]}
                  style={
                    Object {
                      "WebkitTapHighlightColor": "rgba(0, 0, 0, 0)",
                      "background": "none",
                      "border": 10,
                      "boxSizing": "border-box",
                      "cursor": "pointer",
                      "display": "inline-block",
                      "fontFamily": "Roboto, sans-serif",
                      "fontSize": 0,
                      "fontWeight": "inherit",
                      "height": 48,
                      "margin": 0,
                      "muiPrepared": true,
                      "outline": "none",
                      "overflow": "visible",
                      "padding": 12,
                      "position": "relative",
                      "textDecoration": "none",
                      "transition": "all 450ms cubic-bezier(0.23, 1, 0.32, 1) 0ms",
                      "verticalAlign": null,
                      "width": 48,
                    }
                  }
                  tabIndex={0}
                  type="button"
                >
                  <div
                    onMouseDown={[Function]}
                    onMouseLeave={[Function]}
                    onMouseUp={[Function]}
                    onTouchEnd={[Function]}
                    onTouchStart={[Function]}
                  >
                    <svg
                      onMouseEnter={[Function]}
                      onMouseLeave={[Function]}
                      style={
                        Object {
                          "color": "rgba(0, 0, 0, 0.87)",
                          "display": "inline-block",
                          "fill": "currentColor",
                          "height": 24,
                          "muiPrepared": true,
                          "transition": "all 450ms cubic-bezier(0.23, 1, 0.32, 1) 0ms",
                          "userSelect": "none",
                          "width": 24,
                        }
                      }
                      viewBox="0 0 24 24"
                    >
                      <path
                        d="M12 8c1.1 0 2-.9 2-2s-.9-2-2-2-2 .9-2 2 .9 2 2 2zm0 2c-1.1 0-2 .9-2 2s.9 2 2 2 2-.9 2-2-.9-2-2-2zm0 6c-1.1 0-2 .9-2 2s.9 2 2 2 2-.9 2-2-.9-2-2-2z"
                      />
                    </svg>
                  </div>
                </button>
                <div
                  style={
                    Object {
                      "display": "none",
                    }
                  }
                />
              </div>
            </div>
            <div
              className="collapsible-body grey lighten-2"
            >
              <ul
                className="content-files"
              >
                <li
                  className="li-item-file false"
                  onClick={[Function]}
                >
                  <a
                    className="files grey lighten-3\\""
                    href="/1/4/edit"
                    onClick={[Function]}
                  >
                    <button
                      className="files grey lighten-3"
                      type="submit"
                    >
                      new file (3)
                    </button>
                  </a>
                  <button
                    className="button-delete"
                    disabled={false}
                    onBlur={[Function]}
                    onClick={[Function]}
                    onFocus={[Function]}
                    onKeyDown={[Function]}
                    onKeyUp={[Function]}
                    onMouseEnter={[Function]}
                    onMouseLeave={[Function]}
                    onMouseOut={[Function]}
                    onTouchStart={[Function]}
                    style={
                      Object {
                        "WebkitTapHighlightColor": "rgba(0, 0, 0, 0)",
                        "background": "none",
                        "border": 10,
                        "boxSizing": "border-box",
                        "cursor": "pointer",
                        "display": "inline-block",
                        "fontFamily": "Roboto, sans-serif",
                        "fontSize": 0,
                        "fontWeight": "inherit",
                        "height": 48,
                        "margin": 0,
                        "muiPrepared": true,
                        "outline": "none",
                        "overflow": "visible",
                        "padding": 12,
                        "position": "relative",
                        "textDecoration": "none",
                        "transition": "all 450ms cubic-bezier(0.23, 1, 0.32, 1) 0ms",
                        "verticalAlign": null,
                        "width": 48,
                      }
                    }
                    tabIndex={0}
                    type="button"
                  >
                    <div
                      onMouseDown={[Function]}
                      onMouseLeave={[Function]}
                      onMouseUp={[Function]}
                      onTouchEnd={[Function]}
                      onTouchStart={[Function]}
                    >
                      <svg
                        onMouseEnter={[Function]}
                        onMouseLeave={[Function]}
                        style={
                          Object {
                            "color": "rgba(0, 0, 0, 0.87)",
                            "display": "inline-block",
                            "fill": "currentColor",
                            "height": 24,
                            "muiPrepared": true,
                            "transition": "all 450ms cubic-bezier(0.23, 1, 0.32, 1) 0ms",
                            "userSelect": "none",
                            "width": 24,
                          }
                        }
                        viewBox="0 0 24 24"
                      >
                        <path
                          d="M6 19c0 1.1.9 2 2 2h8c1.1 0 2-.9 2-2V7H6v12zM19 4h-3.5l-1-1h-5l-1 1H5v2h14V4z"
                        />
                      </svg>
                    </div>
                  </button>
                </li>
                <li
                  className="li-item-file false"
                  onClick={[Function]}
                >
                  <a
                    className="files grey lighten-3\\""
                    href="/1/5/edit"
                    onClick={[Function]}
                  >
                    <button
                      className="files grey lighten-3"
                      type="submit"
                    >
                      new file (4)
                    </button>
                  </a>
                  <button
                    className="button-delete"
                    disabled={false}
                    onBlur={[Function]}
                    onClick={[Function]}
                    onFocus={[Function]}
                    onKeyDown={[Function]}
                    onKeyUp={[Function]}
                    onMouseEnter={[Function]}
                    onMouseLeave={[Function]}
                    onMouseOut={[Function]}
                    onTouchStart={[Function]}
                    style={
                      Object {
                        "WebkitTapHighlightColor": "rgba(0, 0, 0, 0)",
                        "background": "none",
                        "border": 10,
                        "boxSizing": "border-box",
                        "cursor": "pointer",
                        "display": "inline-block",
                        "fontFamily": "Roboto, sans-serif",
                        "fontSize": 0,
                        "fontWeight": "inherit",
                        "height": 48,
                        "margin": 0,
                        "muiPrepared": true,
                        "outline": "none",
                        "overflow": "visible",
                        "padding": 12,
                        "position": "relative",
                        "textDecoration": "none",
                        "transition": "all 450ms cubic-bezier(0.23, 1, 0.32, 1) 0ms",
                        "verticalAlign": null,
                        "width": 48,
                      }
                    }
                    tabIndex={0}
                    type="button"
                  >
                    <div
                      onMouseDown={[Function]}
                      onMouseLeave={[Function]}
                      onMouseUp={[Function]}
                      onTouchEnd={[Function]}
                      onTouchStart={[Function]}
                    >
                      <svg
                        onMouseEnter={[Function]}
                        onMouseLeave={[Function]}
                        style={
                          Object {
                            "color": "rgba(0, 0, 0, 0.87)",
                            "display": "inline-block",
                            "fill": "currentColor",
                            "height": 24,
                            "muiPrepared": true,
                            "transition": "all 450ms cubic-bezier(0.23, 1, 0.32, 1) 0ms",
                            "userSelect": "none",
                            "width": 24,
                          }
                        }
                        viewBox="0 0 24 24"
                      >
                        <path
                          d="M6 19c0 1.1.9 2 2 2h8c1.1 0 2-.9 2-2V7H6v12zM19 4h-3.5l-1-1h-5l-1 1H5v2h14V4z"
                        />
                      </svg>
                    </div>
                  </button>
                </li>
                <button
                  className="btn waves-effect waves-light btn-large btn-floating main-icon add-files grey lighten-3"
                  disabled={false}
                  icon="add"
                  onClick={[Function]}
                >
                  <i
                    className="material-icons"
                  >
                    add
                  </i>
                </button>
              </ul>
            </div>
          </li>
        </ul>
        <button
          className="btn waves-effect waves-light btn-large btn-floating main-icon add-folder grey"
          disabled={false}
          icon="add"
          onClick={[Function]}
        >
          <i
            className="material-icons"
          >
            add
          </i>
        </button>
      </section>
    </div>
  </div>
</div>
`;
